Launching lib\main.dart on TECNO LJ9 in debug mode...
Running Gradle task 'assembleDebug'...                          
flutter : e: file:///D:/PROJECTS/gfit/G-Fit-Gym-Tracker/android/app/src/main/ko
tlin/com/example/gymapp/MainActivity.kt:3:8 Unresolved reference: io
At line:1 char:42
+ ... m-Tracker"; flutter run --device-id "144512557F105401" --android-skip ...
+                 ~~~~~~~~~~~~~~~~~~~~~~~~~~~~~~~~~~~~~~~~~~~~~~~~~~~~~~~~~
    + CategoryInfo          : NotSpecified: (e: file:///D:/P...d reference: io 
   :String) [], RemoteException
    + FullyQualifiedErrorId : NativeCommandError
 
e: file:///D:/PROJECTS/gfit/G-Fit-Gym-Tracker/android/app/src/main/kotlin/com/e
xample/gymapp/MainActivity.kt:5:21 Unresolved reference: FlutterActivity

FAILURE: Build failed with an exception.

* What went wrong:
Execution failed for task ':app:compileDebugKotlin'.
> A failure occurred while executing org.jetbrains.kotlin.compilerRunner.Gradle
CompilerRunnerWithWorkers$GradleKotlinCompilerWorkAction
   > Compilation error. See log for more details

* Try:
> Run with --stacktrace option to get the stack trace.
> Run with --info or --debug option to get more log output.
> Run with --scan to get full insights.
> Get more help at https://help.gradle.org.

BUILD FAILED in 1m
Running Gradle task 'assembleDebug'...                             60.7s
Error: Gradle task assembleDebug failed with exit code 1
